// Jest Snapshot v1, https://goo.gl/fbAQLP

exports[`sample_test start_sorting 1`] = `
Array [
  Array [
    Object {
      "bgColor": "green",
      "height": "21vmin",
      "text": "21",
    },
    Object {
      "bgColor": "blue",
      "height": "31vmin",
      "text": "31",
    },
    Object {
      "bgColor": "limegreen",
      "height": "12vmin",
      "text": "12",
    },
    Object {
      "bgColor": "limegreen",
      "height": "13vmin",
      "text": "13",
    },
    Object {
      "bgColor": "limegreen",
      "height": "31vmin",
      "text": "31",
    },
    Object {
      "bgColor": "limegreen",
      "height": "31vmin",
      "text": "31",
    },
    Object {
      "bgColor": "limegreen",
      "height": "13vmin",
      "text": "13",
    },
    Object {
      "bgColor": "limegreen",
      "height": "13vmin",
      "text": "13",
    },
    Object {
      "bgColor": "limegreen",
      "height": "12vmin",
      "text": "12",
    },
    Object {
      "bgColor": "limegreen",
      "height": "12vmin",
      "text": "12",
    },
  ],
  Array [
    Object {
      "bgColor": "limegreen",
      "height": "21vmin",
      "text": "21",
    },
    Object {
      "bgColor": "green",
      "height": "12vmin",
      "text": "12",
    },
    Object {
      "bgColor": "blue",
      "height": "31vmin",
      "text": "31",
    },
    Object {
      "bgColor": "limegreen",
      "height": "13vmin",
      "text": "13",
    },
    Object {
      "bgColor": "limegreen",
      "height": "31vmin",
      "text": "31",
    },
    Object {
      "bgColor": "limegreen",
      "height": "31vmin",
      "text": "31",
    },
    Object {
      "bgColor": "limegreen",
      "height": "13vmin",
      "text": "13",
    },
    Object {
      "bgColor": "limegreen",
      "height": "13vmin",
      "text": "13",
    },
    Object {
      "bgColor": "limegreen",
      "height": "12vmin",
      "text": "12",
    },
    Object {
      "bgColor": "limegreen",
      "height": "12vmin",
      "text": "12",
    },
  ],
  Array [
    Object {
      "bgColor": "green",
      "height": "12vmin",
      "text": "12",
    },
    Object {
      "bgColor": "limegreen",
      "height": "21vmin",
      "text": "21",
    },
    Object {
      "bgColor": "blue",
      "height": "31vmin",
      "text": "31",
    },
    Object {
      "bgColor": "limegreen",
      "height": "13vmin",
      "text": "13",
    },
    Object {
      "bgColor": "limegreen",
      "height": "31vmin",
      "text": "31",
    },
    Object {
      "bgColor": "limegreen",
      "height": "31vmin",
      "text": "31",
    },
    Object {
      "bgColor": "limegreen",
      "height": "13vmin",
      "text": "13",
    },
    Object {
      "bgColor": "limegreen",
      "height": "13vmin",
      "text": "13",
    },
    Object {
      "bgColor": "limegreen",
      "height": "12vmin",
      "text": "12",
    },
    Object {
      "bgColor": "limegreen",
      "height": "12vmin",
      "text": "12",
    },
  ],
  Array [
    Object {
      "bgColor": "limegreen",
      "height": "12vmin",
      "text": "12",
    },
    Object {
      "bgColor": "limegreen",
      "height": "21vmin",
      "text": "21",
    },
    Object {
      "bgColor": "green",
      "height": "13vmin",
      "text": "13",
    },
    Object {
      "bgColor": "blue",
      "height": "31vmin",
      "text": "31",
    },
    Object {
      "bgColor": "limegreen",
      "height": "31vmin",
      "text": "31",
    },
    Object {
      "bgColor": "limegreen",
      "height": "31vmin",
      "text": "31",
    },
    Object {
      "bgColor": "limegreen",
      "height": "13vmin",
      "text": "13",
    },
    Object {
      "bgColor": "limegreen",
      "height": "13vmin",
      "text": "13",
    },
    Object {
      "bgColor": "limegreen",
      "height": "12vmin",
      "text": "12",
    },
    Object {
      "bgColor": "limegreen",
      "height": "12vmin",
      "text": "12",
    },
  ],
  Array [
    Object {
      "bgColor": "limegreen",
      "height": "12vmin",
      "text": "12",
    },
    Object {
      "bgColor": "green",
      "height": "13vmin",
      "text": "13",
    },
    Object {
      "bgColor": "limegreen",
      "height": "21vmin",
      "text": "21",
    },
    Object {
      "bgColor": "blue",
      "height": "31vmin",
      "text": "31",
    },
    Object {
      "bgColor": "limegreen",
      "height": "31vmin",
      "text": "31",
    },
    Object {
      "bgColor": "limegreen",
      "height": "31vmin",
      "text": "31",
    },
    Object {
      "bgColor": "limegreen",
      "height": "13vmin",
      "text": "13",
    },
    Object {
      "bgColor": "limegreen",
      "height": "13vmin",
      "text": "13",
    },
    Object {
      "bgColor": "limegreen",
      "height": "12vmin",
      "text": "12",
    },
    Object {
      "bgColor": "limegreen",
      "height": "12vmin",
      "text": "12",
    },
  ],
  Array [
    Object {
      "bgColor": "green",
      "height": "12vmin",
      "text": "12",
    },
    Object {
      "bgColor": "limegreen",
      "height": "13vmin",
      "text": "13",
    },
    Object {
      "bgColor": "limegreen",
      "height": "21vmin",
      "text": "21",
    },
    Object {
      "bgColor": "blue",
      "height": "31vmin",
      "text": "31",
    },
    Object {
      "bgColor": "limegreen",
      "height": "31vmin",
      "text": "31",
    },
    Object {
      "bgColor": "limegreen",
      "height": "31vmin",
      "text": "31",
    },
    Object {
      "bgColor": "limegreen",
      "height": "13vmin",
      "text": "13",
    },
    Object {
      "bgColor": "limegreen",
      "height": "13vmin",
      "text": "13",
    },
    Object {
      "bgColor": "limegreen",
      "height": "12vmin",
      "text": "12",
    },
    Object {
      "bgColor": "limegreen",
      "height": "12vmin",
      "text": "12",
    },
  ],
  Array [
    Object {
      "bgColor": "limegreen",
      "height": "12vmin",
      "text": "12",
    },
    Object {
      "bgColor": "limegreen",
      "height": "13vmin",
      "text": "13",
    },
    Object {
      "bgColor": "limegreen",
      "height": "21vmin",
      "text": "21",
    },
    Object {
      "bgColor": "green",
      "height": "31vmin",
      "text": "31",
    },
    Object {
      "bgColor": "blue",
      "height": "31vmin",
      "text": "31",
    },
    Object {
      "bgColor": "limegreen",
      "height": "31vmin",
      "text": "31",
    },
    Object {
      "bgColor": "limegreen",
      "height": "13vmin",
      "text": "13",
    },
    Object {
      "bgColor": "limegreen",
      "height": "13vmin",
      "text": "13",
    },
    Object {
      "bgColor": "limegreen",
      "height": "12vmin",
      "text": "12",
    },
    Object {
      "bgColor": "limegreen",
      "height": "12vmin",
      "text": "12",
    },
  ],
  Array [
    Object {
      "bgColor": "limegreen",
      "height": "12vmin",
      "text": "12",
    },
    Object {
      "bgColor": "limegreen",
      "height": "13vmin",
      "text": "13",
    },
    Object {
      "bgColor": "limegreen",
      "height": "21vmin",
      "text": "21",
    },
    Object {
      "bgColor": "limegreen",
      "height": "31vmin",
      "text": "31",
    },
    Object {
      "bgColor": "green",
      "height": "31vmin",
      "text": "31",
    },
    Object {
      "bgColor": "blue",
      "height": "31vmin",
      "text": "31",
    },
    Object {
      "bgColor": "limegreen",
      "height": "13vmin",
      "text": "13",
    },
    Object {
      "bgColor": "limegreen",
      "height": "13vmin",
      "text": "13",
    },
    Object {
      "bgColor": "limegreen",
      "height": "12vmin",
      "text": "12",
    },
    Object {
      "bgColor": "limegreen",
      "height": "12vmin",
      "text": "12",
    },
  ],
  Array [
    Object {
      "bgColor": "limegreen",
      "height": "12vmin",
      "text": "12",
    },
    Object {
      "bgColor": "limegreen",
      "height": "13vmin",
      "text": "13",
    },
    Object {
      "bgColor": "limegreen",
      "height": "21vmin",
      "text": "21",
    },
    Object {
      "bgColor": "limegreen",
      "height": "31vmin",
      "text": "31",
    },
    Object {
      "bgColor": "limegreen",
      "height": "31vmin",
      "text": "31",
    },
    Object {
      "bgColor": "green",
      "height": "13vmin",
      "text": "13",
    },
    Object {
      "bgColor": "blue",
      "height": "31vmin",
      "text": "31",
    },
    Object {
      "bgColor": "limegreen",
      "height": "13vmin",
      "text": "13",
    },
    Object {
      "bgColor": "limegreen",
      "height": "12vmin",
      "text": "12",
    },
    Object {
      "bgColor": "limegreen",
      "height": "12vmin",
      "text": "12",
    },
  ],
  Array [
    Object {
      "bgColor": "limegreen",
      "height": "12vmin",
      "text": "12",
    },
    Object {
      "bgColor": "limegreen",
      "height": "13vmin",
      "text": "13",
    },
    Object {
      "bgColor": "limegreen",
      "height": "21vmin",
      "text": "21",
    },
    Object {
      "bgColor": "limegreen",
      "height": "31vmin",
      "text": "31",
    },
    Object {
      "bgColor": "green",
      "height": "13vmin",
      "text": "13",
    },
    Object {
      "bgColor": "limegreen",
      "height": "31vmin",
      "text": "31",
    },
    Object {
      "bgColor": "blue",
      "height": "31vmin",
      "text": "31",
    },
    Object {
      "bgColor": "limegreen",
      "height": "13vmin",
      "text": "13",
    },
    Object {
      "bgColor": "limegreen",
      "height": "12vmin",
      "text": "12",
    },
    Object {
      "bgColor": "limegreen",
      "height": "12vmin",
      "text": "12",
    },
  ],
  Array [
    Object {
      "bgColor": "limegreen",
      "height": "12vmin",
      "text": "12",
    },
    Object {
      "bgColor": "limegreen",
      "height": "13vmin",
      "text": "13",
    },
    Object {
      "bgColor": "limegreen",
      "height": "21vmin",
      "text": "21",
    },
    Object {
      "bgColor": "green",
      "height": "13vmin",
      "text": "13",
    },
    Object {
      "bgColor": "limegreen",
      "height": "31vmin",
      "text": "31",
    },
    Object {
      "bgColor": "limegreen",
      "height": "31vmin",
      "text": "31",
    },
    Object {
      "bgColor": "blue",
      "height": "31vmin",
      "text": "31",
    },
    Object {
      "bgColor": "limegreen",
      "height": "13vmin",
      "text": "13",
    },
    Object {
      "bgColor": "limegreen",
      "height": "12vmin",
      "text": "12",
    },
    Object {
      "bgColor": "limegreen",
      "height": "12vmin",
      "text": "12",
    },
  ],
  Array [
    Object {
      "bgColor": "limegreen",
      "height": "12vmin",
      "text": "12",
    },
    Object {
      "bgColor": "limegreen",
      "height": "13vmin",
      "text": "13",
    },
    Object {
      "bgColor": "green",
      "height": "13vmin",
      "text": "13",
    },
    Object {
      "bgColor": "limegreen",
      "height": "21vmin",
      "text": "21",
    },
    Object {
      "bgColor": "limegreen",
      "height": "31vmin",
      "text": "31",
    },
    Object {
      "bgColor": "limegreen",
      "height": "31vmin",
      "text": "31",
    },
    Object {
      "bgColor": "blue",
      "height": "31vmin",
      "text": "31",
    },
    Object {
      "bgColor": "limegreen",
      "height": "13vmin",
      "text": "13",
    },
    Object {
      "bgColor": "limegreen",
      "height": "12vmin",
      "text": "12",
    },
    Object {
      "bgColor": "limegreen",
      "height": "12vmin",
      "text": "12",
    },
  ],
  Array [
    Object {
      "bgColor": "limegreen",
      "height": "12vmin",
      "text": "12",
    },
    Object {
      "bgColor": "green",
      "height": "13vmin",
      "text": "13",
    },
    Object {
      "bgColor": "limegreen",
      "height": "13vmin",
      "text": "13",
    },
    Object {
      "bgColor": "limegreen",
      "height": "21vmin",
      "text": "21",
    },
    Object {
      "bgColor": "limegreen",
      "height": "31vmin",
      "text": "31",
    },
    Object {
      "bgColor": "limegreen",
      "height": "31vmin",
      "text": "31",
    },
    Object {
      "bgColor": "blue",
      "height": "31vmin",
      "text": "31",
    },
    Object {
      "bgColor": "limegreen",
      "height": "13vmin",
      "text": "13",
    },
    Object {
      "bgColor": "limegreen",
      "height": "12vmin",
      "text": "12",
    },
    Object {
      "bgColor": "limegreen",
      "height": "12vmin",
      "text": "12",
    },
  ],
  Array [
    Object {
      "bgColor": "limegreen",
      "height": "12vmin",
      "text": "12",
    },
    Object {
      "bgColor": "limegreen",
      "height": "13vmin",
      "text": "13",
    },
    Object {
      "bgColor": "limegreen",
      "height": "13vmin",
      "text": "13",
    },
    Object {
      "bgColor": "limegreen",
      "height": "21vmin",
      "text": "21",
    },
    Object {
      "bgColor": "limegreen",
      "height": "31vmin",
      "text": "31",
    },
    Object {
      "bgColor": "limegreen",
      "height": "31vmin",
      "text": "31",
    },
    Object {
      "bgColor": "green",
      "height": "13vmin",
      "text": "13",
    },
    Object {
      "bgColor": "blue",
      "height": "31vmin",
      "text": "31",
    },
    Object {
      "bgColor": "limegreen",
      "height": "12vmin",
      "text": "12",
    },
    Object {
      "bgColor": "limegreen",
      "height": "12vmin",
      "text": "12",
    },
  ],
  Array [
    Object {
      "bgColor": "limegreen",
      "height": "12vmin",
      "text": "12",
    },
    Object {
      "bgColor": "limegreen",
      "height": "13vmin",
      "text": "13",
    },
    Object {
      "bgColor": "limegreen",
      "height": "13vmin",
      "text": "13",
    },
    Object {
      "bgColor": "limegreen",
      "height": "21vmin",
      "text": "21",
    },
    Object {
      "bgColor": "limegreen",
      "height": "31vmin",
      "text": "31",
    },
    Object {
      "bgColor": "green",
      "height": "13vmin",
      "text": "13",
    },
    Object {
      "bgColor": "limegreen",
      "height": "31vmin",
      "text": "31",
    },
    Object {
      "bgColor": "blue",
      "height": "31vmin",
      "text": "31",
    },
    Object {
      "bgColor": "limegreen",
      "height": "12vmin",
      "text": "12",
    },
    Object {
      "bgColor": "limegreen",
      "height": "12vmin",
      "text": "12",
    },
  ],
  Array [
    Object {
      "bgColor": "limegreen",
      "height": "12vmin",
      "text": "12",
    },
    Object {
      "bgColor": "limegreen",
      "height": "13vmin",
      "text": "13",
    },
    Object {
      "bgColor": "limegreen",
      "height": "13vmin",
      "text": "13",
    },
    Object {
      "bgColor": "limegreen",
      "height": "21vmin",
      "text": "21",
    },
    Object {
      "bgColor": "green",
      "height": "13vmin",
      "text": "13",
    },
    Object {
      "bgColor": "limegreen",
      "height": "31vmin",
      "text": "31",
    },
    Object {
      "bgColor": "limegreen",
      "height": "31vmin",
      "text": "31",
    },
    Object {
      "bgColor": "blue",
      "height": "31vmin",
      "text": "31",
    },
    Object {
      "bgColor": "limegreen",
      "height": "12vmin",
      "text": "12",
    },
    Object {
      "bgColor": "limegreen",
      "height": "12vmin",
      "text": "12",
    },
  ],
  Array [
    Object {
      "bgColor": "limegreen",
      "height": "12vmin",
      "text": "12",
    },
    Object {
      "bgColor": "limegreen",
      "height": "13vmin",
      "text": "13",
    },
    Object {
      "bgColor": "limegreen",
      "height": "13vmin",
      "text": "13",
    },
    Object {
      "bgColor": "green",
      "height": "13vmin",
      "text": "13",
    },
    Object {
      "bgColor": "limegreen",
      "height": "21vmin",
      "text": "21",
    },
    Object {
      "bgColor": "limegreen",
      "height": "31vmin",
      "text": "31",
    },
    Object {
      "bgColor": "limegreen",
      "height": "31vmin",
      "text": "31",
    },
    Object {
      "bgColor": "blue",
      "height": "31vmin",
      "text": "31",
    },
    Object {
      "bgColor": "limegreen",
      "height": "12vmin",
      "text": "12",
    },
    Object {
      "bgColor": "limegreen",
      "height": "12vmin",
      "text": "12",
    },
  ],
  Array [
    Object {
      "bgColor": "limegreen",
      "height": "12vmin",
      "text": "12",
    },
    Object {
      "bgColor": "limegreen",
      "height": "13vmin",
      "text": "13",
    },
    Object {
      "bgColor": "green",
      "height": "13vmin",
      "text": "13",
    },
    Object {
      "bgColor": "limegreen",
      "height": "13vmin",
      "text": "13",
    },
    Object {
      "bgColor": "limegreen",
      "height": "21vmin",
      "text": "21",
    },
    Object {
      "bgColor": "limegreen",
      "height": "31vmin",
      "text": "31",
    },
    Object {
      "bgColor": "limegreen",
      "height": "31vmin",
      "text": "31",
    },
    Object {
      "bgColor": "blue",
      "height": "31vmin",
      "text": "31",
    },
    Object {
      "bgColor": "limegreen",
      "height": "12vmin",
      "text": "12",
    },
    Object {
      "bgColor": "limegreen",
      "height": "12vmin",
      "text": "12",
    },
  ],
  Array [
    Object {
      "bgColor": "limegreen",
      "height": "12vmin",
      "text": "12",
    },
    Object {
      "bgColor": "limegreen",
      "height": "13vmin",
      "text": "13",
    },
    Object {
      "bgColor": "limegreen",
      "height": "13vmin",
      "text": "13",
    },
    Object {
      "bgColor": "limegreen",
      "height": "13vmin",
      "text": "13",
    },
    Object {
      "bgColor": "limegreen",
      "height": "21vmin",
      "text": "21",
    },
    Object {
      "bgColor": "limegreen",
      "height": "31vmin",
      "text": "31",
    },
    Object {
      "bgColor": "limegreen",
      "height": "31vmin",
      "text": "31",
    },
    Object {
      "bgColor": "green",
      "height": "12vmin",
      "text": "12",
    },
    Object {
      "bgColor": "blue",
      "height": "31vmin",
      "text": "31",
    },
    Object {
      "bgColor": "limegreen",
      "height": "12vmin",
      "text": "12",
    },
  ],
  Array [
    Object {
      "bgColor": "limegreen",
      "height": "12vmin",
      "text": "12",
    },
    Object {
      "bgColor": "limegreen",
      "height": "13vmin",
      "text": "13",
    },
    Object {
      "bgColor": "limegreen",
      "height": "13vmin",
      "text": "13",
    },
    Object {
      "bgColor": "limegreen",
      "height": "13vmin",
      "text": "13",
    },
    Object {
      "bgColor": "limegreen",
      "height": "21vmin",
      "text": "21",
    },
    Object {
      "bgColor": "limegreen",
      "height": "31vmin",
      "text": "31",
    },
    Object {
      "bgColor": "green",
      "height": "12vmin",
      "text": "12",
    },
    Object {
      "bgColor": "limegreen",
      "height": "31vmin",
      "text": "31",
    },
    Object {
      "bgColor": "blue",
      "height": "31vmin",
      "text": "31",
    },
    Object {
      "bgColor": "limegreen",
      "height": "12vmin",
      "text": "12",
    },
  ],
  Array [
    Object {
      "bgColor": "limegreen",
      "height": "12vmin",
      "text": "12",
    },
    Object {
      "bgColor": "limegreen",
      "height": "13vmin",
      "text": "13",
    },
    Object {
      "bgColor": "limegreen",
      "height": "13vmin",
      "text": "13",
    },
    Object {
      "bgColor": "limegreen",
      "height": "13vmin",
      "text": "13",
    },
    Object {
      "bgColor": "limegreen",
      "height": "21vmin",
      "text": "21",
    },
    Object {
      "bgColor": "green",
      "height": "12vmin",
      "text": "12",
    },
    Object {
      "bgColor": "limegreen",
      "height": "31vmin",
      "text": "31",
    },
    Object {
      "bgColor": "limegreen",
      "height": "31vmin",
      "text": "31",
    },
    Object {
      "bgColor": "blue",
      "height": "31vmin",
      "text": "31",
    },
    Object {
      "bgColor": "limegreen",
      "height": "12vmin",
      "text": "12",
    },
  ],
  Array [
    Object {
      "bgColor": "limegreen",
      "height": "12vmin",
      "text": "12",
    },
    Object {
      "bgColor": "limegreen",
      "height": "13vmin",
      "text": "13",
    },
    Object {
      "bgColor": "limegreen",
      "height": "13vmin",
      "text": "13",
    },
    Object {
      "bgColor": "limegreen",
      "height": "13vmin",
      "text": "13",
    },
    Object {
      "bgColor": "green",
      "height": "12vmin",
      "text": "12",
    },
    Object {
      "bgColor": "limegreen",
      "height": "21vmin",
      "text": "21",
    },
    Object {
      "bgColor": "limegreen",
      "height": "31vmin",
      "text": "31",
    },
    Object {
      "bgColor": "limegreen",
      "height": "31vmin",
      "text": "31",
    },
    Object {
      "bgColor": "blue",
      "height": "31vmin",
      "text": "31",
    },
    Object {
      "bgColor": "limegreen",
      "height": "12vmin",
      "text": "12",
    },
  ],
  Array [
    Object {
      "bgColor": "limegreen",
      "height": "12vmin",
      "text": "12",
    },
    Object {
      "bgColor": "limegreen",
      "height": "13vmin",
      "text": "13",
    },
    Object {
      "bgColor": "limegreen",
      "height": "13vmin",
      "text": "13",
    },
    Object {
      "bgColor": "green",
      "height": "12vmin",
      "text": "12",
    },
    Object {
      "bgColor": "limegreen",
      "height": "13vmin",
      "text": "13",
    },
    Object {
      "bgColor": "limegreen",
      "height": "21vmin",
      "text": "21",
    },
    Object {
      "bgColor": "limegreen",
      "height": "31vmin",
      "text": "31",
    },
    Object {
      "bgColor": "limegreen",
      "height": "31vmin",
      "text": "31",
    },
    Object {
      "bgColor": "blue",
      "height": "31vmin",
      "text": "31",
    },
    Object {
      "bgColor": "limegreen",
      "height": "12vmin",
      "text": "12",
    },
  ],
  Array [
    Object {
      "bgColor": "limegreen",
      "height": "12vmin",
      "text": "12",
    },
    Object {
      "bgColor": "limegreen",
      "height": "13vmin",
      "text": "13",
    },
    Object {
      "bgColor": "green",
      "height": "12vmin",
      "text": "12",
    },
    Object {
      "bgColor": "limegreen",
      "height": "13vmin",
      "text": "13",
    },
    Object {
      "bgColor": "limegreen",
      "height": "13vmin",
      "text": "13",
    },
    Object {
      "bgColor": "limegreen",
      "height": "21vmin",
      "text": "21",
    },
    Object {
      "bgColor": "limegreen",
      "height": "31vmin",
      "text": "31",
    },
    Object {
      "bgColor": "limegreen",
      "height": "31vmin",
      "text": "31",
    },
    Object {
      "bgColor": "blue",
      "height": "31vmin",
      "text": "31",
    },
    Object {
      "bgColor": "limegreen",
      "height": "12vmin",
      "text": "12",
    },
  ],
  Array [
    Object {
      "bgColor": "limegreen",
      "height": "12vmin",
      "text": "12",
    },
    Object {
      "bgColor": "green",
      "height": "12vmin",
      "text": "12",
    },
    Object {
      "bgColor": "limegreen",
      "height": "13vmin",
      "text": "13",
    },
    Object {
      "bgColor": "limegreen",
      "height": "13vmin",
      "text": "13",
    },
    Object {
      "bgColor": "limegreen",
      "height": "13vmin",
      "text": "13",
    },
    Object {
      "bgColor": "limegreen",
      "height": "21vmin",
      "text": "21",
    },
    Object {
      "bgColor": "limegreen",
      "height": "31vmin",
      "text": "31",
    },
    Object {
      "bgColor": "limegreen",
      "height": "31vmin",
      "text": "31",
    },
    Object {
      "bgColor": "blue",
      "height": "31vmin",
      "text": "31",
    },
    Object {
      "bgColor": "limegreen",
      "height": "12vmin",
      "text": "12",
    },
  ],
  Array [
    Object {
      "bgColor": "green",
      "height": "12vmin",
      "text": "12",
    },
    Object {
      "bgColor": "limegreen",
      "height": "12vmin",
      "text": "12",
    },
    Object {
      "bgColor": "limegreen",
      "height": "13vmin",
      "text": "13",
    },
    Object {
      "bgColor": "limegreen",
      "height": "13vmin",
      "text": "13",
    },
    Object {
      "bgColor": "limegreen",
      "height": "13vmin",
      "text": "13",
    },
    Object {
      "bgColor": "limegreen",
      "height": "21vmin",
      "text": "21",
    },
    Object {
      "bgColor": "limegreen",
      "height": "31vmin",
      "text": "31",
    },
    Object {
      "bgColor": "limegreen",
      "height": "31vmin",
      "text": "31",
    },
    Object {
      "bgColor": "blue",
      "height": "31vmin",
      "text": "31",
    },
    Object {
      "bgColor": "limegreen",
      "height": "12vmin",
      "text": "12",
    },
  ],
  Array [
    Object {
      "bgColor": "limegreen",
      "height": "12vmin",
      "text": "12",
    },
    Object {
      "bgColor": "limegreen",
      "height": "12vmin",
      "text": "12",
    },
    Object {
      "bgColor": "limegreen",
      "height": "13vmin",
      "text": "13",
    },
    Object {
      "bgColor": "limegreen",
      "height": "13vmin",
      "text": "13",
    },
    Object {
      "bgColor": "limegreen",
      "height": "13vmin",
      "text": "13",
    },
    Object {
      "bgColor": "limegreen",
      "height": "21vmin",
      "text": "21",
    },
    Object {
      "bgColor": "limegreen",
      "height": "31vmin",
      "text": "31",
    },
    Object {
      "bgColor": "limegreen",
      "height": "31vmin",
      "text": "31",
    },
    Object {
      "bgColor": "green",
      "height": "12vmin",
      "text": "12",
    },
    Object {
      "bgColor": "blue",
      "height": "31vmin",
      "text": "31",
    },
  ],
  Array [
    Object {
      "bgColor": "limegreen",
      "height": "12vmin",
      "text": "12",
    },
    Object {
      "bgColor": "limegreen",
      "height": "12vmin",
      "text": "12",
    },
    Object {
      "bgColor": "limegreen",
      "height": "13vmin",
      "text": "13",
    },
    Object {
      "bgColor": "limegreen",
      "height": "13vmin",
      "text": "13",
    },
    Object {
      "bgColor": "limegreen",
      "height": "13vmin",
      "text": "13",
    },
    Object {
      "bgColor": "limegreen",
      "height": "21vmin",
      "text": "21",
    },
    Object {
      "bgColor": "limegreen",
      "height": "31vmin",
      "text": "31",
    },
    Object {
      "bgColor": "green",
      "height": "12vmin",
      "text": "12",
    },
    Object {
      "bgColor": "limegreen",
      "height": "31vmin",
      "text": "31",
    },
    Object {
      "bgColor": "blue",
      "height": "31vmin",
      "text": "31",
    },
  ],
  Array [
    Object {
      "bgColor": "limegreen",
      "height": "12vmin",
      "text": "12",
    },
    Object {
      "bgColor": "limegreen",
      "height": "12vmin",
      "text": "12",
    },
    Object {
      "bgColor": "limegreen",
      "height": "13vmin",
      "text": "13",
    },
    Object {
      "bgColor": "limegreen",
      "height": "13vmin",
      "text": "13",
    },
    Object {
      "bgColor": "limegreen",
      "height": "13vmin",
      "text": "13",
    },
    Object {
      "bgColor": "limegreen",
      "height": "21vmin",
      "text": "21",
    },
    Object {
      "bgColor": "green",
      "height": "12vmin",
      "text": "12",
    },
    Object {
      "bgColor": "limegreen",
      "height": "31vmin",
      "text": "31",
    },
    Object {
      "bgColor": "limegreen",
      "height": "31vmin",
      "text": "31",
    },
    Object {
      "bgColor": "blue",
      "height": "31vmin",
      "text": "31",
    },
  ],
  Array [
    Object {
      "bgColor": "limegreen",
      "height": "12vmin",
      "text": "12",
    },
    Object {
      "bgColor": "limegreen",
      "height": "12vmin",
      "text": "12",
    },
    Object {
      "bgColor": "limegreen",
      "height": "13vmin",
      "text": "13",
    },
    Object {
      "bgColor": "limegreen",
      "height": "13vmin",
      "text": "13",
    },
    Object {
      "bgColor": "limegreen",
      "height": "13vmin",
      "text": "13",
    },
    Object {
      "bgColor": "green",
      "height": "12vmin",
      "text": "12",
    },
    Object {
      "bgColor": "limegreen",
      "height": "21vmin",
      "text": "21",
    },
    Object {
      "bgColor": "limegreen",
      "height": "31vmin",
      "text": "31",
    },
    Object {
      "bgColor": "limegreen",
      "height": "31vmin",
      "text": "31",
    },
    Object {
      "bgColor": "blue",
      "height": "31vmin",
      "text": "31",
    },
  ],
  Array [
    Object {
      "bgColor": "limegreen",
      "height": "12vmin",
      "text": "12",
    },
    Object {
      "bgColor": "limegreen",
      "height": "12vmin",
      "text": "12",
    },
    Object {
      "bgColor": "limegreen",
      "height": "13vmin",
      "text": "13",
    },
    Object {
      "bgColor": "limegreen",
      "height": "13vmin",
      "text": "13",
    },
    Object {
      "bgColor": "green",
      "height": "12vmin",
      "text": "12",
    },
    Object {
      "bgColor": "limegreen",
      "height": "13vmin",
      "text": "13",
    },
    Object {
      "bgColor": "limegreen",
      "height": "21vmin",
      "text": "21",
    },
    Object {
      "bgColor": "limegreen",
      "height": "31vmin",
      "text": "31",
    },
    Object {
      "bgColor": "limegreen",
      "height": "31vmin",
      "text": "31",
    },
    Object {
      "bgColor": "blue",
      "height": "31vmin",
      "text": "31",
    },
  ],
  Array [
    Object {
      "bgColor": "limegreen",
      "height": "12vmin",
      "text": "12",
    },
    Object {
      "bgColor": "limegreen",
      "height": "12vmin",
      "text": "12",
    },
    Object {
      "bgColor": "limegreen",
      "height": "13vmin",
      "text": "13",
    },
    Object {
      "bgColor": "green",
      "height": "12vmin",
      "text": "12",
    },
    Object {
      "bgColor": "limegreen",
      "height": "13vmin",
      "text": "13",
    },
    Object {
      "bgColor": "limegreen",
      "height": "13vmin",
      "text": "13",
    },
    Object {
      "bgColor": "limegreen",
      "height": "21vmin",
      "text": "21",
    },
    Object {
      "bgColor": "limegreen",
      "height": "31vmin",
      "text": "31",
    },
    Object {
      "bgColor": "limegreen",
      "height": "31vmin",
      "text": "31",
    },
    Object {
      "bgColor": "blue",
      "height": "31vmin",
      "text": "31",
    },
  ],
  Array [
    Object {
      "bgColor": "limegreen",
      "height": "12vmin",
      "text": "12",
    },
    Object {
      "bgColor": "limegreen",
      "height": "12vmin",
      "text": "12",
    },
    Object {
      "bgColor": "green",
      "height": "12vmin",
      "text": "12",
    },
    Object {
      "bgColor": "limegreen",
      "height": "13vmin",
      "text": "13",
    },
    Object {
      "bgColor": "limegreen",
      "height": "13vmin",
      "text": "13",
    },
    Object {
      "bgColor": "limegreen",
      "height": "13vmin",
      "text": "13",
    },
    Object {
      "bgColor": "limegreen",
      "height": "21vmin",
      "text": "21",
    },
    Object {
      "bgColor": "limegreen",
      "height": "31vmin",
      "text": "31",
    },
    Object {
      "bgColor": "limegreen",
      "height": "31vmin",
      "text": "31",
    },
    Object {
      "bgColor": "blue",
      "height": "31vmin",
      "text": "31",
    },
  ],
  Array [
    Object {
      "bgColor": "limegreen",
      "height": "12vmin",
      "text": "12",
    },
    Object {
      "bgColor": "green",
      "height": "12vmin",
      "text": "12",
    },
    Object {
      "bgColor": "limegreen",
      "height": "12vmin",
      "text": "12",
    },
    Object {
      "bgColor": "limegreen",
      "height": "13vmin",
      "text": "13",
    },
    Object {
      "bgColor": "limegreen",
      "height": "13vmin",
      "text": "13",
    },
    Object {
      "bgColor": "limegreen",
      "height": "13vmin",
      "text": "13",
    },
    Object {
      "bgColor": "limegreen",
      "height": "21vmin",
      "text": "21",
    },
    Object {
      "bgColor": "limegreen",
      "height": "31vmin",
      "text": "31",
    },
    Object {
      "bgColor": "limegreen",
      "height": "31vmin",
      "text": "31",
    },
    Object {
      "bgColor": "blue",
      "height": "31vmin",
      "text": "31",
    },
  ],
  Array [
    Object {
      "bgColor": "limegreen",
      "height": "12vmin",
      "text": "12",
    },
    Object {
      "bgColor": "limegreen",
      "height": "12vmin",
      "text": "12",
    },
    Object {
      "bgColor": "limegreen",
      "height": "12vmin",
      "text": "12",
    },
    Object {
      "bgColor": "limegreen",
      "height": "13vmin",
      "text": "13",
    },
    Object {
      "bgColor": "limegreen",
      "height": "13vmin",
      "text": "13",
    },
    Object {
      "bgColor": "limegreen",
      "height": "13vmin",
      "text": "13",
    },
    Object {
      "bgColor": "limegreen",
      "height": "21vmin",
      "text": "21",
    },
    Object {
      "bgColor": "limegreen",
      "height": "31vmin",
      "text": "31",
    },
    Object {
      "bgColor": "limegreen",
      "height": "31vmin",
      "text": "31",
    },
    Object {
      "bgColor": "limegreen",
      "height": "31vmin",
      "text": "31",
    },
  ],
]
`;
